Archive Project report for Ovelse_3
Tue Feb 21 09:57:00 2023
Quartus II 64-Bit Version 13.0.1 Build 232 06/12/2013 Service Pack 1 SJ Web Edition


---------------------
; Table of Contents ;
---------------------
  1. Legal Notice
  2. Archive Project Summary
  3. Archive Project Messages
  4. Files Archived



----------------
; Legal Notice ;
----------------
Copyright (C) 1991-2013 Altera Corporation
Your use of Altera Corporation's design tools, logic functions 
and other software and tools, and its AMPP partner logic 
functions, and any output files from any of the foregoing 
(including device programming or simulation files), and any 
associated documentation or information are expressly subject 
to the terms and conditions of the Altera Program License 
Subscription Agreement, Altera MegaCore Function License 
Agreement, or other applicable license agreement, including, 
without limitation, that your use is for the sole purpose of 
programming logic devices manufactured by Altera and sold by 
Altera or its authorized distributors.  Please refer to the 
applicable agreement for further details.



+----------------------------------------------------------------+
; Archive Project Summary                                        ;
+------------------------+---------------------------------------+
; Archive Project Status ; Successful - Tue Feb 21 09:57:00 2023 ;
; Revision Name          ; Ovelse_3                              ;
; Top-level Entity Name  ; Ovelse_3                              ;
; Family                 ; Cyclone II                            ;
+------------------------+---------------------------------------+


+--------------------------+
; Archive Project Messages ;
+--------------------------+
Info: File Set 'Source control' contains:
    Info: Project source and settings files
    Info: Automatically detected source files
Critical Warning: Analysis & Elaboration was not run successfully
    Critical Warning: The 'Automatically detected source files' file subset will attempt to guess which files are needed. The archive file will likely be larger than required and may still be incomplete.
Info: Parsing: ../Lektion2/four_bit_adder_simple.vhd
Info: ----------------------------------------------------------
Info: ----------------------------------------------------------
Info: Generated archive 'C:/dsd/Ovelse_3.qar'
Info: ----------------------------------------------------------
Info: ----------------------------------------------------------
Info: Generated report 'Ovelse_3.archive.rpt'
Error (23031): Evaluation of Tcl script c:/altera/13.0sp1/quartus/common/tcl/apps/qpm/qar.tcl unsuccessful
Error: Quartus II 64-Bit Shell was unsuccessful. 5 errors, 3 warnings
    Error: Peak virtual memory: 4463 megabytes
    Error: Processing ended: Tue Feb 21 09:57:00 2023
    Error: Elapsed time: 00:00:05
    Error: Total CPU time (on all processors): 00:00:03


+---------------------------------------------------------+
; Files Archived                                          ;
+---------------------------------------------------------+
; File Name                                               ;
+---------------------------------------------------------+
; ../Lektion2/four_bit_adder_simple.vhd                   ;
; C:/altera/13.0sp1/quartus/bin64/assignment_defaults.qdf ;
; c:/altera/13.0sp1/quartus/bin64/assignment_defaults.qdf ;
; C:/dsd/Lektion2/and_2.vhd                               ;
; C:/dsd/Lektion2/four_bit_adder.vhd                      ;
; C:/dsd/Lektion2/four_bit_adder_simple.vhd               ;
; C:/dsd/Lektion2/full_adder.vhd                          ;
; C:/dsd/Lektion2/half_adder_and.vhd                      ;
; C:/dsd/Lektion2/half_adder_beh.vhd                      ;
; C:/dsd/Lektion2/half_adder_dataflow.vhd                 ;
; C:/dsd/Lektion2/half_adder_struct.vhd                   ;
; C:/dsd/Lektion2/half_adder_struct2.vhd                  ;
; C:/dsd/Lektion2/half_adder_xor.vhd                      ;
; C:/dsd/Lektion2/oevelse2_fullAdder.vhd                  ;
; C:/dsd/Lektion2/or_2_input.vhd                          ;
; C:/dsd/Lektion2/xor_2.vhd                               ;
; output_files/Ovelse_3.flow.rpt                          ;
; output_files/Ovelse_3.map.rpt                           ;
; output_files/Ovelse_3.map.summary                       ;
; Ovelse_3.qpf                                            ;
; Ovelse_3.qsf                                            ;
+---------------------------------------------------------+


