Restore Archived Project report for multicounter
Tue Apr 11 08:27:33 2023
Quartus II 64-Bit Version 13.0.1 Build 232 06/12/2013 Service Pack 1 SJ Web Edition


---------------------
; Table of Contents ;
---------------------
  1. Legal Notice
  2. Restore Archived Project Summary
  3. Restore Archived Project Messages
  4. Files Restored
  5. Files Not Restored



----------------
; Legal Notice ;
----------------
Copyright (C) 1991-2013 Altera Corporation
Your use of Altera Corporation's design tools, logic functions 
and other software and tools, and its AMPP partner logic 
functions, and any output files from any of the foregoing 
(including device programming or simulation files), and any 
associated documentation or information are expressly subject 
to the terms and conditions of the Altera Program License 
Subscription Agreement, Altera MegaCore Function License 
Agreement, or other applicable license agreement, including, 
without limitation, that your use is for the sole purpose of 
programming logic devices manufactured by Altera and sold by 
Altera or its authorized distributors.  Please refer to the 
applicable agreement for further details.



+-------------------------------------------------------------------------+
; Restore Archived Project Summary                                        ;
+---------------------------------+---------------------------------------+
; Restore Archived Project Status ; Successful - Tue Apr 11 08:27:33 2023 ;
; Revision Name                   ; multicounter                          ;
; Top-level Entity Name           ; multi_counter                         ;
; Family                          ; Cyclone II                            ;
+---------------------------------+---------------------------------------+


+-----------------------------------+
; Restore Archived Project Messages ;
+-----------------------------------+
Info: Successfully restored 'C:/Users/Morten T/Downloads/UNI/2. Semester/DSD/Aflevering3/multicounter_template.qar' into the 'C:\\dsd\\multicounter/' directory
Info: Generated report 'multicounter.restore.rpt'
Info (23030): Evaluation of Tcl script c:/altera/13.0sp1/quartus/common/tcl/apps/qpm/qar.tcl was successful
Info: Quartus II 64-Bit Shell was successful. 0 errors, 0 warnings
    Info: Peak virtual memory: 4405 megabytes
    Info: Processing ended: Tue Apr 11 08:27:33 2023
    Info: Elapsed time: 00:00:01
    Info: Total CPU time (on all processors): 00:00:01


+---------------------------------------------------------+
; Files Restored                                          ;
+---------------------------------------------------------+
; File Name                                               ;
+---------------------------------------------------------+
; E18/DSD/oevelse6/multicounter.vwf                       ;
; assignment_defaults.qdf                                 ;
; db/multicounter.sim.vwf                                 ;
; exercise6.qpf                                           ;
; incremental_db/compiled_partitions/multicounter.db_info ;
; multicounter.qsf                                        ;
; multicounter.vhd                                        ;
; multicounter_assignment_defaults.qdf                    ;
+---------------------------------------------------------+


+--------------------+
; Files Not Restored ;
+--------------------+
; File Name          ;
+--------------------+


