TimeQuest Timing Analyzer report for Ovelse4
Sat Mar 18 16:51:58 2023
Quartus II 64-Bit Version 13.0.1 Build 232 06/12/2013 Service Pack 1 SJ Web Edition


---------------------
; Table of Contents ;
---------------------
  1. Legal Notice
  2. TimeQuest Timing Analyzer Summary
  3. Parallel Compilation
  4. Clocks
  5. Slow Model Fmax Summary
  6. Slow Model Setup Summary
  7. Slow Model Hold Summary
  8. Slow Model Recovery Summary
  9. Slow Model Removal Summary
 10. Slow Model Minimum Pulse Width Summary
 11. Propagation Delay
 12. Minimum Propagation Delay
 13. Fast Model Setup Summary
 14. Fast Model Hold Summary
 15. Fast Model Recovery Summary
 16. Fast Model Removal Summary
 17. Fast Model Minimum Pulse Width Summary
 18. Propagation Delay
 19. Minimum Propagation Delay
 20. Multicorner Timing Analysis Summary
 21. Progagation Delay
 22. Minimum Progagation Delay
 23. Clock Transfers
 24. Report TCCS
 25. Report RSKM
 26. Unconstrained Paths
 27. TimeQuest Timing Analyzer Messages



----------------
; Legal Notice ;
----------------
Copyright (C) 1991-2013 Altera Corporation
Your use of Altera Corporation's design tools, logic functions 
and other software and tools, and its AMPP partner logic 
functions, and any output files from any of the foregoing 
(including device programming or simulation files), and any 
associated documentation or information are expressly subject 
to the terms and conditions of the Altera Program License 
Subscription Agreement, Altera MegaCore Function License 
Agreement, or other applicable license agreement, including, 
without limitation, that your use is for the sole purpose of 
programming logic devices manufactured by Altera and sold by 
Altera or its authorized distributors.  Please refer to the 
applicable agreement for further details.



+----------------------------------------------------------------------------------------+
; TimeQuest Timing Analyzer Summary                                                      ;
+--------------------+-------------------------------------------------------------------+
; Quartus II Version ; Version 13.0.1 Build 232 06/12/2013 Service Pack 1 SJ Web Edition ;
; Revision Name      ; Ovelse4                                                           ;
; Device Family      ; Cyclone II                                                        ;
; Device Name        ; EP2C35F672C6                                                      ;
; Timing Models      ; Final                                                             ;
; Delay Model        ; Combined                                                          ;
; Rise/Fall Delays   ; Unavailable                                                       ;
+--------------------+-------------------------------------------------------------------+


Parallel compilation was disabled, but you have multiple processors available. Enable parallel compilation to reduce compilation time.
+-------------------------------------+
; Parallel Compilation                ;
+----------------------------+--------+
; Processors                 ; Number ;
+----------------------------+--------+
; Number detected on machine ; 8      ;
; Maximum allowed            ; 1      ;
+----------------------------+--------+


----------
; Clocks ;
----------
No clocks to report.


---------------------------
; Slow Model Fmax Summary ;
---------------------------
No paths to report.


----------------------------
; Slow Model Setup Summary ;
----------------------------
No paths to report.


---------------------------
; Slow Model Hold Summary ;
---------------------------
No paths to report.


-------------------------------
; Slow Model Recovery Summary ;
-------------------------------
No paths to report.


------------------------------
; Slow Model Removal Summary ;
------------------------------
No paths to report.


------------------------------------------
; Slow Model Minimum Pulse Width Summary ;
------------------------------------------
No paths to report.


+--------------------------------------------------------------+
; Propagation Delay                                            ;
+------------+-------------+--------+--------+--------+--------+
; Input Port ; Output Port ; RR     ; RF     ; FR     ; FF     ;
+------------+-------------+--------+--------+--------+--------+
; key[0]     ; hex0[0]     ; 12.280 ;        ;        ; 12.280 ;
; key[0]     ; hex0[1]     ; 12.276 ;        ;        ; 12.276 ;
; key[0]     ; hex0[2]     ;        ; 12.271 ; 12.271 ;        ;
; key[0]     ; hex0[3]     ; 12.253 ;        ;        ; 12.253 ;
; key[0]     ; hex0[4]     ;        ; 12.247 ; 12.247 ;        ;
; key[0]     ; hex0[5]     ; 12.041 ;        ;        ; 12.041 ;
; key[0]     ; hex0[6]     ;        ; 12.026 ; 12.026 ;        ;
; key[0]     ; hex1[0]     ; 11.484 ; 11.484 ; 11.484 ; 11.484 ;
; key[0]     ; hex1[1]     ; 11.482 ; 11.482 ; 11.482 ; 11.482 ;
; key[0]     ; hex1[2]     ; 11.089 ; 11.089 ; 11.089 ; 11.089 ;
; key[0]     ; hex1[3]     ; 11.043 ; 11.043 ; 11.043 ; 11.043 ;
; key[0]     ; hex1[4]     ;        ; 11.103 ; 11.103 ;        ;
; key[0]     ; hex1[5]     ; 11.381 ; 11.381 ; 11.381 ; 11.381 ;
; key[0]     ; hex1[6]     ; 11.398 ; 11.398 ; 11.398 ; 11.398 ;
; key[0]     ; hex2[0]     ; 11.431 ; 11.431 ; 11.431 ; 11.431 ;
; key[0]     ; hex2[1]     ; 11.382 ;        ;        ; 11.382 ;
; key[0]     ; hex2[2]     ; 11.420 ;        ;        ; 11.420 ;
; key[0]     ; hex2[3]     ; 11.484 ;        ;        ; 11.484 ;
; key[0]     ; hex2[4]     ; 11.185 ;        ;        ; 11.185 ;
; key[0]     ; hex2[5]     ; 11.384 ;        ;        ; 11.384 ;
; key[0]     ; hex2[6]     ; 11.176 ; 11.176 ; 11.176 ; 11.176 ;
; key[1]     ; hex0[0]     ;        ; 11.325 ; 11.325 ;        ;
; key[1]     ; hex0[1]     ;        ; 11.180 ; 11.180 ;        ;
; key[1]     ; hex0[2]     ;        ; 11.179 ; 11.179 ;        ;
; key[1]     ; hex0[3]     ; 11.157 ;        ;        ; 11.157 ;
; key[1]     ; hex0[4]     ; 11.291 ;        ;        ; 11.291 ;
; key[1]     ; hex0[5]     ; 11.090 ;        ;        ; 11.090 ;
; key[1]     ; hex0[6]     ;        ; 11.075 ; 11.075 ;        ;
; key[1]     ; hex1[0]     ; 10.190 ; 10.190 ; 10.190 ; 10.190 ;
; key[1]     ; hex1[1]     ; 10.190 ; 10.190 ; 10.190 ; 10.190 ;
; key[1]     ; hex1[2]     ; 9.782  ; 9.782  ; 9.782  ; 9.782  ;
; key[1]     ; hex1[3]     ; 9.747  ; 9.747  ; 9.747  ; 9.747  ;
; key[1]     ; hex1[4]     ; 9.812  ;        ;        ; 9.812  ;
; key[1]     ; hex1[5]     ; 10.081 ; 10.081 ; 10.081 ; 10.081 ;
; key[1]     ; hex1[6]     ; 10.095 ; 10.095 ; 10.095 ; 10.095 ;
; key[1]     ; hex2[0]     ; 10.267 ; 10.267 ; 10.267 ; 10.267 ;
; key[1]     ; hex2[1]     ;        ; 10.219 ; 10.219 ;        ;
; key[1]     ; hex2[2]     ;        ; 10.257 ; 10.257 ;        ;
; key[1]     ; hex2[3]     ; 10.307 ;        ;        ; 10.307 ;
; key[1]     ; hex2[4]     ; 10.006 ;        ;        ; 10.006 ;
; key[1]     ; hex2[5]     ; 9.664  ;        ;        ; 9.664  ;
; key[1]     ; hex2[6]     ; 9.998  ; 9.998  ; 9.998  ; 9.998  ;
; sw[0]      ; hex0[0]     ; 8.469  ; 8.469  ; 8.469  ; 8.469  ;
; sw[0]      ; hex0[1]     ; 8.634  ; 8.634  ; 8.634  ; 8.634  ;
; sw[0]      ; hex0[2]     ;        ; 8.606  ; 8.606  ;        ;
; sw[0]      ; hex0[3]     ; 8.641  ; 8.641  ; 8.641  ; 8.641  ;
; sw[0]      ; hex0[4]     ; 8.463  ;        ;        ; 8.463  ;
; sw[0]      ; hex0[5]     ; 8.253  ;        ;        ; 8.253  ;
; sw[0]      ; hex0[6]     ; 8.243  ; 8.243  ; 8.243  ; 8.243  ;
; sw[1]      ; hex0[0]     ; 8.034  ; 8.034  ; 8.034  ; 8.034  ;
; sw[1]      ; hex0[1]     ; 8.193  ; 8.193  ; 8.193  ; 8.193  ;
; sw[1]      ; hex0[2]     ; 8.188  ;        ;        ; 8.188  ;
; sw[1]      ; hex0[3]     ; 8.200  ; 8.200  ; 8.200  ; 8.200  ;
; sw[1]      ; hex0[4]     ;        ; 8.018  ; 8.018  ;        ;
; sw[1]      ; hex0[5]     ; 7.821  ; 7.821  ; 7.821  ; 7.821  ;
; sw[1]      ; hex0[6]     ; 7.804  ; 7.804  ; 7.804  ; 7.804  ;
; sw[2]      ; hex0[0]     ; 7.849  ; 7.849  ; 7.849  ; 7.849  ;
; sw[2]      ; hex0[1]     ; 8.010  ;        ;        ; 8.010  ;
; sw[2]      ; hex0[2]     ; 8.008  ; 8.008  ; 8.008  ; 8.008  ;
; sw[2]      ; hex0[3]     ; 8.019  ; 8.019  ; 8.019  ; 8.019  ;
; sw[2]      ; hex0[4]     ; 7.838  ; 7.838  ; 7.838  ; 7.838  ;
; sw[2]      ; hex0[5]     ; 7.635  ; 7.635  ; 7.635  ; 7.635  ;
; sw[2]      ; hex0[6]     ; 7.619  ; 7.619  ; 7.619  ; 7.619  ;
; sw[3]      ; hex0[0]     ; 6.646  ; 6.646  ; 6.646  ; 6.646  ;
; sw[3]      ; hex0[1]     ; 6.803  ; 6.803  ; 6.803  ; 6.803  ;
; sw[3]      ; hex0[2]     ; 6.768  ; 6.768  ; 6.768  ; 6.768  ;
; sw[3]      ; hex0[3]     ; 6.809  ; 6.809  ; 6.809  ; 6.809  ;
; sw[3]      ; hex0[4]     ;        ; 6.622  ; 6.622  ;        ;
; sw[3]      ; hex0[5]     ; 6.401  ; 6.401  ; 6.401  ; 6.401  ;
; sw[3]      ; hex0[6]     ; 6.416  ; 6.416  ; 6.416  ; 6.416  ;
; sw[4]      ; hex1[0]     ; 7.420  ; 7.420  ; 7.420  ; 7.420  ;
; sw[4]      ; hex1[1]     ; 7.412  ; 7.412  ; 7.412  ; 7.412  ;
; sw[4]      ; hex1[2]     ;        ; 6.994  ; 6.994  ;        ;
; sw[4]      ; hex1[3]     ; 6.956  ; 6.956  ; 6.956  ; 6.956  ;
; sw[4]      ; hex1[4]     ; 7.023  ;        ;        ; 7.023  ;
; sw[4]      ; hex1[5]     ; 7.267  ;        ;        ; 7.267  ;
; sw[4]      ; hex1[6]     ; 7.277  ; 7.277  ; 7.277  ; 7.277  ;
; sw[5]      ; hex1[0]     ; 7.143  ; 7.143  ; 7.143  ; 7.143  ;
; sw[5]      ; hex1[1]     ; 7.140  ; 7.140  ; 7.140  ; 7.140  ;
; sw[5]      ; hex1[2]     ; 6.742  ;        ;        ; 6.742  ;
; sw[5]      ; hex1[3]     ; 6.691  ; 6.691  ; 6.691  ; 6.691  ;
; sw[5]      ; hex1[4]     ;        ; 6.753  ; 6.753  ;        ;
; sw[5]      ; hex1[5]     ; 6.990  ; 6.990  ; 6.990  ; 6.990  ;
; sw[5]      ; hex1[6]     ; 7.006  ; 7.006  ; 7.006  ; 7.006  ;
; sw[6]      ; hex1[0]     ; 7.367  ; 7.367  ; 7.367  ; 7.367  ;
; sw[6]      ; hex1[1]     ; 7.363  ;        ;        ; 7.363  ;
; sw[6]      ; hex1[2]     ; 6.964  ; 6.964  ; 6.964  ; 6.964  ;
; sw[6]      ; hex1[3]     ; 6.906  ; 6.906  ; 6.906  ; 6.906  ;
; sw[6]      ; hex1[4]     ; 6.960  ; 6.960  ; 6.960  ; 6.960  ;
; sw[6]      ; hex1[5]     ; 7.212  ; 7.212  ; 7.212  ; 7.212  ;
; sw[6]      ; hex1[6]     ; 7.218  ; 7.218  ; 7.218  ; 7.218  ;
; sw[7]      ; hex1[0]     ; 8.104  ; 8.104  ; 8.104  ; 8.104  ;
; sw[7]      ; hex1[1]     ; 8.102  ; 8.102  ; 8.102  ; 8.102  ;
; sw[7]      ; hex1[2]     ; 7.703  ; 7.703  ; 7.703  ; 7.703  ;
; sw[7]      ; hex1[3]     ; 7.620  ; 7.620  ; 7.620  ; 7.620  ;
; sw[7]      ; hex1[4]     ;        ; 7.700  ; 7.700  ;        ;
; sw[7]      ; hex1[5]     ; 7.950  ; 7.950  ; 7.950  ; 7.950  ;
; sw[7]      ; hex1[6]     ; 7.961  ; 7.961  ; 7.961  ; 7.961  ;
; sw[8]      ; hex2[0]     ; 7.989  ; 7.989  ; 7.989  ; 7.989  ;
; sw[8]      ; hex2[1]     ; 8.081  ; 8.081  ; 8.081  ; 8.081  ;
; sw[8]      ; hex2[2]     ;        ; 7.924  ; 7.924  ;        ;
; sw[8]      ; hex2[3]     ; 8.041  ; 8.041  ; 8.041  ; 8.041  ;
; sw[8]      ; hex2[4]     ; 7.747  ;        ;        ; 7.747  ;
; sw[8]      ; hex2[5]     ; 7.842  ;        ;        ; 7.842  ;
; sw[8]      ; hex2[6]     ; 7.901  ; 7.901  ; 7.901  ; 7.901  ;
; sw[9]      ; hex2[0]     ; 7.566  ; 7.566  ; 7.566  ; 7.566  ;
; sw[9]      ; hex2[1]     ; 7.655  ; 7.655  ; 7.655  ; 7.655  ;
; sw[9]      ; hex2[2]     ; 7.521  ;        ;        ; 7.521  ;
; sw[9]      ; hex2[3]     ; 7.611  ; 7.611  ; 7.611  ; 7.611  ;
; sw[9]      ; hex2[4]     ;        ; 7.313  ; 7.313  ;        ;
; sw[9]      ; hex2[5]     ; 7.419  ; 7.419  ; 7.419  ; 7.419  ;
; sw[9]      ; hex2[6]     ; 7.477  ; 7.477  ; 7.477  ; 7.477  ;
; sw[10]     ; hex2[0]     ; 7.885  ; 7.885  ; 7.885  ; 7.885  ;
; sw[10]     ; hex2[1]     ; 7.983  ;        ;        ; 7.983  ;
; sw[10]     ; hex2[2]     ; 7.854  ; 7.854  ; 7.854  ; 7.854  ;
; sw[10]     ; hex2[3]     ; 7.948  ; 7.948  ; 7.948  ; 7.948  ;
; sw[10]     ; hex2[4]     ; 7.650  ; 7.650  ; 7.650  ; 7.650  ;
; sw[10]     ; hex2[5]     ; 7.740  ; 7.740  ; 7.740  ; 7.740  ;
; sw[10]     ; hex2[6]     ; 7.794  ; 7.794  ; 7.794  ; 7.794  ;
; sw[11]     ; hex2[0]     ; 7.580  ; 7.580  ; 7.580  ; 7.580  ;
; sw[11]     ; hex2[1]     ; 7.676  ; 7.676  ; 7.676  ; 7.676  ;
; sw[11]     ; hex2[2]     ; 7.546  ; 7.546  ; 7.546  ; 7.546  ;
; sw[11]     ; hex2[3]     ; 7.642  ; 7.642  ; 7.642  ; 7.642  ;
; sw[11]     ; hex2[4]     ;        ; 7.343  ; 7.343  ;        ;
; sw[11]     ; hex2[5]     ; 7.435  ; 7.435  ; 7.435  ; 7.435  ;
; sw[11]     ; hex2[6]     ; 7.485  ; 7.485  ; 7.485  ; 7.485  ;
+------------+-------------+--------+--------+--------+--------+


+--------------------------------------------------------------+
; Minimum Propagation Delay                                    ;
+------------+-------------+--------+--------+--------+--------+
; Input Port ; Output Port ; RR     ; RF     ; FR     ; FF     ;
+------------+-------------+--------+--------+--------+--------+
; key[0]     ; hex0[0]     ; 12.280 ;        ;        ; 12.280 ;
; key[0]     ; hex0[1]     ; 12.276 ;        ;        ; 12.276 ;
; key[0]     ; hex0[2]     ;        ; 12.271 ; 12.271 ;        ;
; key[0]     ; hex0[3]     ; 12.253 ;        ;        ; 12.253 ;
; key[0]     ; hex0[4]     ;        ; 12.247 ; 12.247 ;        ;
; key[0]     ; hex0[5]     ; 12.041 ;        ;        ; 12.041 ;
; key[0]     ; hex0[6]     ;        ; 12.026 ; 12.026 ;        ;
; key[0]     ; hex1[0]     ; 11.484 ; 11.484 ; 11.484 ; 11.484 ;
; key[0]     ; hex1[1]     ; 11.482 ; 11.482 ; 11.482 ; 11.482 ;
; key[0]     ; hex1[2]     ; 11.089 ; 11.089 ; 11.089 ; 11.089 ;
; key[0]     ; hex1[3]     ; 11.043 ; 11.043 ; 11.043 ; 11.043 ;
; key[0]     ; hex1[4]     ;        ; 11.103 ; 11.103 ;        ;
; key[0]     ; hex1[5]     ; 11.381 ; 11.381 ; 11.381 ; 11.381 ;
; key[0]     ; hex1[6]     ; 11.398 ; 11.398 ; 11.398 ; 11.398 ;
; key[0]     ; hex2[0]     ; 11.431 ; 11.431 ; 11.431 ; 11.431 ;
; key[0]     ; hex2[1]     ; 11.382 ;        ;        ; 11.382 ;
; key[0]     ; hex2[2]     ; 11.420 ;        ;        ; 11.420 ;
; key[0]     ; hex2[3]     ; 11.484 ;        ;        ; 11.484 ;
; key[0]     ; hex2[4]     ; 11.185 ;        ;        ; 11.185 ;
; key[0]     ; hex2[5]     ; 11.384 ;        ;        ; 11.384 ;
; key[0]     ; hex2[6]     ; 11.176 ; 11.176 ; 11.176 ; 11.176 ;
; key[1]     ; hex0[0]     ;        ; 11.325 ; 11.325 ;        ;
; key[1]     ; hex0[1]     ;        ; 11.180 ; 11.180 ;        ;
; key[1]     ; hex0[2]     ;        ; 11.179 ; 11.179 ;        ;
; key[1]     ; hex0[3]     ; 11.157 ;        ;        ; 11.157 ;
; key[1]     ; hex0[4]     ; 11.291 ;        ;        ; 11.291 ;
; key[1]     ; hex0[5]     ; 11.090 ;        ;        ; 11.090 ;
; key[1]     ; hex0[6]     ;        ; 11.075 ; 11.075 ;        ;
; key[1]     ; hex1[0]     ; 10.190 ; 10.190 ; 10.190 ; 10.190 ;
; key[1]     ; hex1[1]     ; 10.190 ; 10.190 ; 10.190 ; 10.190 ;
; key[1]     ; hex1[2]     ; 9.782  ; 9.782  ; 9.782  ; 9.782  ;
; key[1]     ; hex1[3]     ; 9.747  ; 9.747  ; 9.747  ; 9.747  ;
; key[1]     ; hex1[4]     ; 9.812  ;        ;        ; 9.812  ;
; key[1]     ; hex1[5]     ; 10.081 ; 10.081 ; 10.081 ; 10.081 ;
; key[1]     ; hex1[6]     ; 10.095 ; 10.095 ; 10.095 ; 10.095 ;
; key[1]     ; hex2[0]     ; 10.267 ; 10.267 ; 10.267 ; 10.267 ;
; key[1]     ; hex2[1]     ;        ; 10.219 ; 10.219 ;        ;
; key[1]     ; hex2[2]     ;        ; 10.257 ; 10.257 ;        ;
; key[1]     ; hex2[3]     ; 10.307 ;        ;        ; 10.307 ;
; key[1]     ; hex2[4]     ; 10.006 ;        ;        ; 10.006 ;
; key[1]     ; hex2[5]     ; 9.664  ;        ;        ; 9.664  ;
; key[1]     ; hex2[6]     ; 9.998  ; 9.998  ; 9.998  ; 9.998  ;
; sw[0]      ; hex0[0]     ; 8.469  ; 8.469  ; 8.469  ; 8.469  ;
; sw[0]      ; hex0[1]     ; 8.634  ; 8.634  ; 8.634  ; 8.634  ;
; sw[0]      ; hex0[2]     ;        ; 8.606  ; 8.606  ;        ;
; sw[0]      ; hex0[3]     ; 8.641  ; 8.641  ; 8.641  ; 8.641  ;
; sw[0]      ; hex0[4]     ; 8.463  ;        ;        ; 8.463  ;
; sw[0]      ; hex0[5]     ; 8.253  ;        ;        ; 8.253  ;
; sw[0]      ; hex0[6]     ; 8.243  ; 8.243  ; 8.243  ; 8.243  ;
; sw[1]      ; hex0[0]     ; 8.034  ; 8.034  ; 8.034  ; 8.034  ;
; sw[1]      ; hex0[1]     ; 8.193  ; 8.193  ; 8.193  ; 8.193  ;
; sw[1]      ; hex0[2]     ; 8.188  ;        ;        ; 8.188  ;
; sw[1]      ; hex0[3]     ; 8.200  ; 8.200  ; 8.200  ; 8.200  ;
; sw[1]      ; hex0[4]     ;        ; 8.018  ; 8.018  ;        ;
; sw[1]      ; hex0[5]     ; 7.821  ; 7.821  ; 7.821  ; 7.821  ;
; sw[1]      ; hex0[6]     ; 7.804  ; 7.804  ; 7.804  ; 7.804  ;
; sw[2]      ; hex0[0]     ; 7.849  ; 7.849  ; 7.849  ; 7.849  ;
; sw[2]      ; hex0[1]     ; 8.010  ;        ;        ; 8.010  ;
; sw[2]      ; hex0[2]     ; 8.008  ; 8.008  ; 8.008  ; 8.008  ;
; sw[2]      ; hex0[3]     ; 8.019  ; 8.019  ; 8.019  ; 8.019  ;
; sw[2]      ; hex0[4]     ; 7.838  ; 7.838  ; 7.838  ; 7.838  ;
; sw[2]      ; hex0[5]     ; 7.635  ; 7.635  ; 7.635  ; 7.635  ;
; sw[2]      ; hex0[6]     ; 7.619  ; 7.619  ; 7.619  ; 7.619  ;
; sw[3]      ; hex0[0]     ; 6.646  ; 6.646  ; 6.646  ; 6.646  ;
; sw[3]      ; hex0[1]     ; 6.803  ; 6.803  ; 6.803  ; 6.803  ;
; sw[3]      ; hex0[2]     ; 6.768  ; 6.768  ; 6.768  ; 6.768  ;
; sw[3]      ; hex0[3]     ; 6.809  ; 6.809  ; 6.809  ; 6.809  ;
; sw[3]      ; hex0[4]     ;        ; 6.622  ; 6.622  ;        ;
; sw[3]      ; hex0[5]     ; 6.401  ; 6.401  ; 6.401  ; 6.401  ;
; sw[3]      ; hex0[6]     ; 6.416  ; 6.416  ; 6.416  ; 6.416  ;
; sw[4]      ; hex1[0]     ; 7.420  ; 7.420  ; 7.420  ; 7.420  ;
; sw[4]      ; hex1[1]     ; 7.412  ; 7.412  ; 7.412  ; 7.412  ;
; sw[4]      ; hex1[2]     ;        ; 6.994  ; 6.994  ;        ;
; sw[4]      ; hex1[3]     ; 6.956  ; 6.956  ; 6.956  ; 6.956  ;
; sw[4]      ; hex1[4]     ; 7.023  ;        ;        ; 7.023  ;
; sw[4]      ; hex1[5]     ; 7.267  ;        ;        ; 7.267  ;
; sw[4]      ; hex1[6]     ; 7.277  ; 7.277  ; 7.277  ; 7.277  ;
; sw[5]      ; hex1[0]     ; 7.143  ; 7.143  ; 7.143  ; 7.143  ;
; sw[5]      ; hex1[1]     ; 7.140  ; 7.140  ; 7.140  ; 7.140  ;
; sw[5]      ; hex1[2]     ; 6.742  ;        ;        ; 6.742  ;
; sw[5]      ; hex1[3]     ; 6.691  ; 6.691  ; 6.691  ; 6.691  ;
; sw[5]      ; hex1[4]     ;        ; 6.753  ; 6.753  ;        ;
; sw[5]      ; hex1[5]     ; 6.990  ; 6.990  ; 6.990  ; 6.990  ;
; sw[5]      ; hex1[6]     ; 7.006  ; 7.006  ; 7.006  ; 7.006  ;
; sw[6]      ; hex1[0]     ; 7.367  ; 7.367  ; 7.367  ; 7.367  ;
; sw[6]      ; hex1[1]     ; 7.363  ;        ;        ; 7.363  ;
; sw[6]      ; hex1[2]     ; 6.964  ; 6.964  ; 6.964  ; 6.964  ;
; sw[6]      ; hex1[3]     ; 6.906  ; 6.906  ; 6.906  ; 6.906  ;
; sw[6]      ; hex1[4]     ; 6.960  ; 6.960  ; 6.960  ; 6.960  ;
; sw[6]      ; hex1[5]     ; 7.212  ; 7.212  ; 7.212  ; 7.212  ;
; sw[6]      ; hex1[6]     ; 7.218  ; 7.218  ; 7.218  ; 7.218  ;
; sw[7]      ; hex1[0]     ; 8.104  ; 8.104  ; 8.104  ; 8.104  ;
; sw[7]      ; hex1[1]     ; 8.102  ; 8.102  ; 8.102  ; 8.102  ;
; sw[7]      ; hex1[2]     ; 7.703  ; 7.703  ; 7.703  ; 7.703  ;
; sw[7]      ; hex1[3]     ; 7.620  ; 7.620  ; 7.620  ; 7.620  ;
; sw[7]      ; hex1[4]     ;        ; 7.700  ; 7.700  ;        ;
; sw[7]      ; hex1[5]     ; 7.950  ; 7.950  ; 7.950  ; 7.950  ;
; sw[7]      ; hex1[6]     ; 7.961  ; 7.961  ; 7.961  ; 7.961  ;
; sw[8]      ; hex2[0]     ; 7.989  ; 7.989  ; 7.989  ; 7.989  ;
; sw[8]      ; hex2[1]     ; 8.081  ; 8.081  ; 8.081  ; 8.081  ;
; sw[8]      ; hex2[2]     ;        ; 7.924  ; 7.924  ;        ;
; sw[8]      ; hex2[3]     ; 8.041  ; 8.041  ; 8.041  ; 8.041  ;
; sw[8]      ; hex2[4]     ; 7.747  ;        ;        ; 7.747  ;
; sw[8]      ; hex2[5]     ; 7.842  ;        ;        ; 7.842  ;
; sw[8]      ; hex2[6]     ; 7.901  ; 7.901  ; 7.901  ; 7.901  ;
; sw[9]      ; hex2[0]     ; 7.566  ; 7.566  ; 7.566  ; 7.566  ;
; sw[9]      ; hex2[1]     ; 7.655  ; 7.655  ; 7.655  ; 7.655  ;
; sw[9]      ; hex2[2]     ; 7.521  ;        ;        ; 7.521  ;
; sw[9]      ; hex2[3]     ; 7.611  ; 7.611  ; 7.611  ; 7.611  ;
; sw[9]      ; hex2[4]     ;        ; 7.313  ; 7.313  ;        ;
; sw[9]      ; hex2[5]     ; 7.419  ; 7.419  ; 7.419  ; 7.419  ;
; sw[9]      ; hex2[6]     ; 7.477  ; 7.477  ; 7.477  ; 7.477  ;
; sw[10]     ; hex2[0]     ; 7.885  ; 7.885  ; 7.885  ; 7.885  ;
; sw[10]     ; hex2[1]     ; 7.983  ;        ;        ; 7.983  ;
; sw[10]     ; hex2[2]     ; 7.854  ; 7.854  ; 7.854  ; 7.854  ;
; sw[10]     ; hex2[3]     ; 7.948  ; 7.948  ; 7.948  ; 7.948  ;
; sw[10]     ; hex2[4]     ; 7.650  ; 7.650  ; 7.650  ; 7.650  ;
; sw[10]     ; hex2[5]     ; 7.740  ; 7.740  ; 7.740  ; 7.740  ;
; sw[10]     ; hex2[6]     ; 7.794  ; 7.794  ; 7.794  ; 7.794  ;
; sw[11]     ; hex2[0]     ; 7.580  ; 7.580  ; 7.580  ; 7.580  ;
; sw[11]     ; hex2[1]     ; 7.676  ; 7.676  ; 7.676  ; 7.676  ;
; sw[11]     ; hex2[2]     ; 7.546  ; 7.546  ; 7.546  ; 7.546  ;
; sw[11]     ; hex2[3]     ; 7.642  ; 7.642  ; 7.642  ; 7.642  ;
; sw[11]     ; hex2[4]     ;        ; 7.343  ; 7.343  ;        ;
; sw[11]     ; hex2[5]     ; 7.435  ; 7.435  ; 7.435  ; 7.435  ;
; sw[11]     ; hex2[6]     ; 7.485  ; 7.485  ; 7.485  ; 7.485  ;
+------------+-------------+--------+--------+--------+--------+


----------------------------
; Fast Model Setup Summary ;
----------------------------
No paths to report.


---------------------------
; Fast Model Hold Summary ;
---------------------------
No paths to report.


-------------------------------
; Fast Model Recovery Summary ;
-------------------------------
No paths to report.


------------------------------
; Fast Model Removal Summary ;
------------------------------
No paths to report.


------------------------------------------
; Fast Model Minimum Pulse Width Summary ;
------------------------------------------
No paths to report.


+----------------------------------------------------------+
; Propagation Delay                                        ;
+------------+-------------+-------+-------+-------+-------+
; Input Port ; Output Port ; RR    ; RF    ; FR    ; FF    ;
+------------+-------------+-------+-------+-------+-------+
; key[0]     ; hex0[0]     ; 6.880 ;       ;       ; 6.880 ;
; key[0]     ; hex0[1]     ; 6.869 ;       ;       ; 6.869 ;
; key[0]     ; hex0[2]     ;       ; 6.868 ; 6.868 ;       ;
; key[0]     ; hex0[3]     ; 6.862 ;       ;       ; 6.862 ;
; key[0]     ; hex0[4]     ;       ; 6.858 ; 6.858 ;       ;
; key[0]     ; hex0[5]     ; 6.761 ;       ;       ; 6.761 ;
; key[0]     ; hex0[6]     ;       ; 6.757 ; 6.757 ;       ;
; key[0]     ; hex1[0]     ; 6.417 ; 6.417 ; 6.417 ; 6.417 ;
; key[0]     ; hex1[1]     ; 6.415 ; 6.415 ; 6.415 ; 6.415 ;
; key[0]     ; hex1[2]     ; 6.191 ; 6.191 ; 6.191 ; 6.191 ;
; key[0]     ; hex1[3]     ; 6.164 ; 6.164 ; 6.164 ; 6.164 ;
; key[0]     ; hex1[4]     ;       ; 6.205 ; 6.205 ;       ;
; key[0]     ; hex1[5]     ; 6.325 ; 6.325 ; 6.325 ; 6.325 ;
; key[0]     ; hex1[6]     ; 6.344 ; 6.344 ; 6.344 ; 6.344 ;
; key[0]     ; hex2[0]     ; 6.378 ; 6.378 ; 6.378 ; 6.378 ;
; key[0]     ; hex2[1]     ; 6.333 ;       ;       ; 6.333 ;
; key[0]     ; hex2[2]     ; 6.372 ;       ;       ; 6.372 ;
; key[0]     ; hex2[3]     ; 6.413 ;       ;       ; 6.413 ;
; key[0]     ; hex2[4]     ; 6.269 ;       ;       ; 6.269 ;
; key[0]     ; hex2[5]     ; 6.362 ;       ;       ; 6.362 ;
; key[0]     ; hex2[6]     ; 6.258 ; 6.258 ; 6.258 ; 6.258 ;
; key[1]     ; hex0[0]     ;       ; 6.297 ; 6.297 ;       ;
; key[1]     ; hex0[1]     ;       ; 6.221 ; 6.221 ;       ;
; key[1]     ; hex0[2]     ;       ; 6.219 ; 6.219 ;       ;
; key[1]     ; hex0[3]     ; 6.212 ;       ;       ; 6.212 ;
; key[1]     ; hex0[4]     ; 6.282 ;       ;       ; 6.282 ;
; key[1]     ; hex0[5]     ; 6.181 ;       ;       ; 6.181 ;
; key[1]     ; hex0[6]     ;       ; 6.182 ; 6.182 ;       ;
; key[1]     ; hex1[0]     ; 5.707 ; 5.707 ; 5.707 ; 5.707 ;
; key[1]     ; hex1[1]     ; 5.708 ; 5.708 ; 5.708 ; 5.708 ;
; key[1]     ; hex1[2]     ; 5.471 ; 5.471 ; 5.471 ; 5.471 ;
; key[1]     ; hex1[3]     ; 5.453 ; 5.453 ; 5.453 ; 5.453 ;
; key[1]     ; hex1[4]     ; 5.527 ;       ;       ; 5.527 ;
; key[1]     ; hex1[5]     ; 5.611 ; 5.611 ; 5.611 ; 5.611 ;
; key[1]     ; hex1[6]     ; 5.629 ; 5.629 ; 5.629 ; 5.629 ;
; key[1]     ; hex2[0]     ; 5.707 ; 5.707 ; 5.707 ; 5.707 ;
; key[1]     ; hex2[1]     ;       ; 5.658 ; 5.658 ;       ;
; key[1]     ; hex2[2]     ;       ; 5.697 ; 5.697 ;       ;
; key[1]     ; hex2[3]     ; 5.733 ;       ;       ; 5.733 ;
; key[1]     ; hex2[4]     ; 5.586 ;       ;       ; 5.586 ;
; key[1]     ; hex2[5]     ; 5.434 ;       ;       ; 5.434 ;
; key[1]     ; hex2[6]     ; 5.573 ; 5.573 ; 5.573 ; 5.573 ;
; sw[0]      ; hex0[0]     ; 4.398 ; 4.398 ; 4.398 ; 4.398 ;
; sw[0]      ; hex0[1]     ; 4.452 ; 4.452 ; 4.452 ; 4.452 ;
; sw[0]      ; hex0[2]     ;       ; 4.455 ; 4.455 ;       ;
; sw[0]      ; hex0[3]     ; 4.454 ; 4.454 ; 4.454 ; 4.454 ;
; sw[0]      ; hex0[4]     ; 4.401 ;       ;       ; 4.401 ;
; sw[0]      ; hex0[5]     ; 4.280 ;       ;       ; 4.280 ;
; sw[0]      ; hex0[6]     ; 4.272 ; 4.272 ; 4.272 ; 4.272 ;
; sw[1]      ; hex0[0]     ; 4.173 ; 4.173 ; 4.173 ; 4.173 ;
; sw[1]      ; hex0[1]     ; 4.222 ; 4.222 ; 4.222 ; 4.222 ;
; sw[1]      ; hex0[2]     ; 4.219 ;       ;       ; 4.219 ;
; sw[1]      ; hex0[3]     ; 4.222 ; 4.222 ; 4.222 ; 4.222 ;
; sw[1]      ; hex0[4]     ;       ; 4.169 ; 4.169 ;       ;
; sw[1]      ; hex0[5]     ; 4.051 ; 4.051 ; 4.051 ; 4.051 ;
; sw[1]      ; hex0[6]     ; 4.045 ; 4.045 ; 4.045 ; 4.045 ;
; sw[2]      ; hex0[0]     ; 4.066 ; 4.066 ; 4.066 ; 4.066 ;
; sw[2]      ; hex0[1]     ; 4.120 ;       ;       ; 4.120 ;
; sw[2]      ; hex0[2]     ; 4.118 ; 4.118 ; 4.118 ; 4.118 ;
; sw[2]      ; hex0[3]     ; 4.120 ; 4.120 ; 4.120 ; 4.120 ;
; sw[2]      ; hex0[4]     ; 4.068 ; 4.068 ; 4.068 ; 4.068 ;
; sw[2]      ; hex0[5]     ; 3.943 ; 3.943 ; 3.943 ; 3.943 ;
; sw[2]      ; hex0[6]     ; 3.940 ; 3.940 ; 3.940 ; 3.940 ;
; sw[3]      ; hex0[0]     ; 3.418 ; 3.418 ; 3.418 ; 3.418 ;
; sw[3]      ; hex0[1]     ; 3.467 ; 3.467 ; 3.467 ; 3.467 ;
; sw[3]      ; hex0[2]     ; 3.464 ; 3.464 ; 3.464 ; 3.464 ;
; sw[3]      ; hex0[3]     ; 3.465 ; 3.465 ; 3.465 ; 3.465 ;
; sw[3]      ; hex0[4]     ;       ; 3.409 ; 3.409 ;       ;
; sw[3]      ; hex0[5]     ; 3.295 ; 3.295 ; 3.295 ; 3.295 ;
; sw[3]      ; hex0[6]     ; 3.291 ; 3.291 ; 3.291 ; 3.291 ;
; sw[4]      ; hex1[0]     ; 3.774 ; 3.774 ; 3.774 ; 3.774 ;
; sw[4]      ; hex1[1]     ; 3.767 ; 3.767 ; 3.767 ; 3.767 ;
; sw[4]      ; hex1[2]     ;       ; 3.540 ; 3.540 ;       ;
; sw[4]      ; hex1[3]     ; 3.509 ; 3.509 ; 3.509 ; 3.509 ;
; sw[4]      ; hex1[4]     ; 3.568 ;       ;       ; 3.568 ;
; sw[4]      ; hex1[5]     ; 3.658 ;       ;       ; 3.658 ;
; sw[4]      ; hex1[6]     ; 3.671 ; 3.671 ; 3.671 ; 3.671 ;
; sw[5]      ; hex1[0]     ; 3.647 ; 3.647 ; 3.647 ; 3.647 ;
; sw[5]      ; hex1[1]     ; 3.645 ; 3.645 ; 3.645 ; 3.645 ;
; sw[5]      ; hex1[2]     ; 3.419 ;       ;       ; 3.419 ;
; sw[5]      ; hex1[3]     ; 3.389 ; 3.389 ; 3.389 ; 3.389 ;
; sw[5]      ; hex1[4]     ;       ; 3.449 ; 3.449 ;       ;
; sw[5]      ; hex1[5]     ; 3.539 ; 3.539 ; 3.539 ; 3.539 ;
; sw[5]      ; hex1[6]     ; 3.558 ; 3.558 ; 3.558 ; 3.558 ;
; sw[6]      ; hex1[0]     ; 3.763 ; 3.763 ; 3.763 ; 3.763 ;
; sw[6]      ; hex1[1]     ; 3.761 ;       ;       ; 3.761 ;
; sw[6]      ; hex1[2]     ; 3.534 ; 3.534 ; 3.534 ; 3.534 ;
; sw[6]      ; hex1[3]     ; 3.497 ; 3.497 ; 3.497 ; 3.497 ;
; sw[6]      ; hex1[4]     ; 3.550 ; 3.550 ; 3.550 ; 3.550 ;
; sw[6]      ; hex1[5]     ; 3.652 ; 3.652 ; 3.652 ; 3.652 ;
; sw[6]      ; hex1[6]     ; 3.661 ; 3.661 ; 3.661 ; 3.661 ;
; sw[7]      ; hex1[0]     ; 4.215 ; 4.215 ; 4.215 ; 4.215 ;
; sw[7]      ; hex1[1]     ; 4.207 ; 4.207 ; 4.207 ; 4.207 ;
; sw[7]      ; hex1[2]     ; 3.980 ; 3.980 ; 3.980 ; 3.980 ;
; sw[7]      ; hex1[3]     ; 3.945 ; 3.945 ; 3.945 ; 3.945 ;
; sw[7]      ; hex1[4]     ;       ; 3.997 ; 3.997 ;       ;
; sw[7]      ; hex1[5]     ; 4.098 ; 4.098 ; 4.098 ; 4.098 ;
; sw[7]      ; hex1[6]     ; 4.110 ; 4.110 ; 4.110 ; 4.110 ;
; sw[8]      ; hex2[0]     ; 4.145 ; 4.145 ; 4.145 ; 4.145 ;
; sw[8]      ; hex2[1]     ; 4.167 ; 4.167 ; 4.167 ; 4.167 ;
; sw[8]      ; hex2[2]     ;       ; 4.137 ; 4.137 ;       ;
; sw[8]      ; hex2[3]     ; 4.176 ; 4.176 ; 4.176 ; 4.176 ;
; sw[8]      ; hex2[4]     ; 4.039 ;       ;       ; 4.039 ;
; sw[8]      ; hex2[5]     ; 4.081 ;       ;       ; 4.081 ;
; sw[8]      ; hex2[6]     ; 4.101 ; 4.101 ; 4.101 ; 4.101 ;
; sw[9]      ; hex2[0]     ; 3.918 ; 3.918 ; 3.918 ; 3.918 ;
; sw[9]      ; hex2[1]     ; 3.939 ; 3.939 ; 3.939 ; 3.939 ;
; sw[9]      ; hex2[2]     ; 3.913 ;       ;       ; 3.913 ;
; sw[9]      ; hex2[3]     ; 3.949 ; 3.949 ; 3.949 ; 3.949 ;
; sw[9]      ; hex2[4]     ;       ; 3.806 ; 3.806 ;       ;
; sw[9]      ; hex2[5]     ; 3.859 ; 3.859 ; 3.859 ; 3.859 ;
; sw[9]      ; hex2[6]     ; 3.880 ; 3.880 ; 3.880 ; 3.880 ;
; sw[10]     ; hex2[0]     ; 4.042 ; 4.042 ; 4.042 ; 4.042 ;
; sw[10]     ; hex2[1]     ; 4.071 ;       ;       ; 4.071 ;
; sw[10]     ; hex2[2]     ; 4.048 ; 4.048 ; 4.048 ; 4.048 ;
; sw[10]     ; hex2[3]     ; 4.086 ; 4.086 ; 4.086 ; 4.086 ;
; sw[10]     ; hex2[4]     ; 3.944 ; 3.944 ; 3.944 ; 3.944 ;
; sw[10]     ; hex2[5]     ; 3.986 ; 3.986 ; 3.986 ; 3.986 ;
; sw[10]     ; hex2[6]     ; 4.002 ; 4.002 ; 4.002 ; 4.002 ;
; sw[11]     ; hex2[0]     ; 3.897 ; 3.897 ; 3.897 ; 3.897 ;
; sw[11]     ; hex2[1]     ; 3.922 ; 3.922 ; 3.922 ; 3.922 ;
; sw[11]     ; hex2[2]     ; 3.898 ; 3.898 ; 3.898 ; 3.898 ;
; sw[11]     ; hex2[3]     ; 3.937 ; 3.937 ; 3.937 ; 3.937 ;
; sw[11]     ; hex2[4]     ;       ; 3.795 ; 3.795 ;       ;
; sw[11]     ; hex2[5]     ; 3.837 ; 3.837 ; 3.837 ; 3.837 ;
; sw[11]     ; hex2[6]     ; 3.854 ; 3.854 ; 3.854 ; 3.854 ;
+------------+-------------+-------+-------+-------+-------+


+----------------------------------------------------------+
; Minimum Propagation Delay                                ;
+------------+-------------+-------+-------+-------+-------+
; Input Port ; Output Port ; RR    ; RF    ; FR    ; FF    ;
+------------+-------------+-------+-------+-------+-------+
; key[0]     ; hex0[0]     ; 6.880 ;       ;       ; 6.880 ;
; key[0]     ; hex0[1]     ; 6.869 ;       ;       ; 6.869 ;
; key[0]     ; hex0[2]     ;       ; 6.868 ; 6.868 ;       ;
; key[0]     ; hex0[3]     ; 6.862 ;       ;       ; 6.862 ;
; key[0]     ; hex0[4]     ;       ; 6.858 ; 6.858 ;       ;
; key[0]     ; hex0[5]     ; 6.761 ;       ;       ; 6.761 ;
; key[0]     ; hex0[6]     ;       ; 6.757 ; 6.757 ;       ;
; key[0]     ; hex1[0]     ; 6.417 ; 6.417 ; 6.417 ; 6.417 ;
; key[0]     ; hex1[1]     ; 6.415 ; 6.415 ; 6.415 ; 6.415 ;
; key[0]     ; hex1[2]     ; 6.191 ; 6.191 ; 6.191 ; 6.191 ;
; key[0]     ; hex1[3]     ; 6.164 ; 6.164 ; 6.164 ; 6.164 ;
; key[0]     ; hex1[4]     ;       ; 6.205 ; 6.205 ;       ;
; key[0]     ; hex1[5]     ; 6.325 ; 6.325 ; 6.325 ; 6.325 ;
; key[0]     ; hex1[6]     ; 6.344 ; 6.344 ; 6.344 ; 6.344 ;
; key[0]     ; hex2[0]     ; 6.378 ; 6.378 ; 6.378 ; 6.378 ;
; key[0]     ; hex2[1]     ; 6.333 ;       ;       ; 6.333 ;
; key[0]     ; hex2[2]     ; 6.372 ;       ;       ; 6.372 ;
; key[0]     ; hex2[3]     ; 6.413 ;       ;       ; 6.413 ;
; key[0]     ; hex2[4]     ; 6.269 ;       ;       ; 6.269 ;
; key[0]     ; hex2[5]     ; 6.362 ;       ;       ; 6.362 ;
; key[0]     ; hex2[6]     ; 6.258 ; 6.258 ; 6.258 ; 6.258 ;
; key[1]     ; hex0[0]     ;       ; 6.297 ; 6.297 ;       ;
; key[1]     ; hex0[1]     ;       ; 6.221 ; 6.221 ;       ;
; key[1]     ; hex0[2]     ;       ; 6.219 ; 6.219 ;       ;
; key[1]     ; hex0[3]     ; 6.212 ;       ;       ; 6.212 ;
; key[1]     ; hex0[4]     ; 6.282 ;       ;       ; 6.282 ;
; key[1]     ; hex0[5]     ; 6.181 ;       ;       ; 6.181 ;
; key[1]     ; hex0[6]     ;       ; 6.182 ; 6.182 ;       ;
; key[1]     ; hex1[0]     ; 5.707 ; 5.707 ; 5.707 ; 5.707 ;
; key[1]     ; hex1[1]     ; 5.708 ; 5.708 ; 5.708 ; 5.708 ;
; key[1]     ; hex1[2]     ; 5.471 ; 5.471 ; 5.471 ; 5.471 ;
; key[1]     ; hex1[3]     ; 5.453 ; 5.453 ; 5.453 ; 5.453 ;
; key[1]     ; hex1[4]     ; 5.527 ;       ;       ; 5.527 ;
; key[1]     ; hex1[5]     ; 5.611 ; 5.611 ; 5.611 ; 5.611 ;
; key[1]     ; hex1[6]     ; 5.629 ; 5.629 ; 5.629 ; 5.629 ;
; key[1]     ; hex2[0]     ; 5.707 ; 5.707 ; 5.707 ; 5.707 ;
; key[1]     ; hex2[1]     ;       ; 5.658 ; 5.658 ;       ;
; key[1]     ; hex2[2]     ;       ; 5.697 ; 5.697 ;       ;
; key[1]     ; hex2[3]     ; 5.733 ;       ;       ; 5.733 ;
; key[1]     ; hex2[4]     ; 5.586 ;       ;       ; 5.586 ;
; key[1]     ; hex2[5]     ; 5.434 ;       ;       ; 5.434 ;
; key[1]     ; hex2[6]     ; 5.573 ; 5.573 ; 5.573 ; 5.573 ;
; sw[0]      ; hex0[0]     ; 4.398 ; 4.398 ; 4.398 ; 4.398 ;
; sw[0]      ; hex0[1]     ; 4.452 ; 4.452 ; 4.452 ; 4.452 ;
; sw[0]      ; hex0[2]     ;       ; 4.455 ; 4.455 ;       ;
; sw[0]      ; hex0[3]     ; 4.454 ; 4.454 ; 4.454 ; 4.454 ;
; sw[0]      ; hex0[4]     ; 4.401 ;       ;       ; 4.401 ;
; sw[0]      ; hex0[5]     ; 4.280 ;       ;       ; 4.280 ;
; sw[0]      ; hex0[6]     ; 4.272 ; 4.272 ; 4.272 ; 4.272 ;
; sw[1]      ; hex0[0]     ; 4.173 ; 4.173 ; 4.173 ; 4.173 ;
; sw[1]      ; hex0[1]     ; 4.222 ; 4.222 ; 4.222 ; 4.222 ;
; sw[1]      ; hex0[2]     ; 4.219 ;       ;       ; 4.219 ;
; sw[1]      ; hex0[3]     ; 4.222 ; 4.222 ; 4.222 ; 4.222 ;
; sw[1]      ; hex0[4]     ;       ; 4.169 ; 4.169 ;       ;
; sw[1]      ; hex0[5]     ; 4.051 ; 4.051 ; 4.051 ; 4.051 ;
; sw[1]      ; hex0[6]     ; 4.045 ; 4.045 ; 4.045 ; 4.045 ;
; sw[2]      ; hex0[0]     ; 4.066 ; 4.066 ; 4.066 ; 4.066 ;
; sw[2]      ; hex0[1]     ; 4.120 ;       ;       ; 4.120 ;
; sw[2]      ; hex0[2]     ; 4.118 ; 4.118 ; 4.118 ; 4.118 ;
; sw[2]      ; hex0[3]     ; 4.120 ; 4.120 ; 4.120 ; 4.120 ;
; sw[2]      ; hex0[4]     ; 4.068 ; 4.068 ; 4.068 ; 4.068 ;
; sw[2]      ; hex0[5]     ; 3.943 ; 3.943 ; 3.943 ; 3.943 ;
; sw[2]      ; hex0[6]     ; 3.940 ; 3.940 ; 3.940 ; 3.940 ;
; sw[3]      ; hex0[0]     ; 3.418 ; 3.418 ; 3.418 ; 3.418 ;
; sw[3]      ; hex0[1]     ; 3.467 ; 3.467 ; 3.467 ; 3.467 ;
; sw[3]      ; hex0[2]     ; 3.464 ; 3.464 ; 3.464 ; 3.464 ;
; sw[3]      ; hex0[3]     ; 3.465 ; 3.465 ; 3.465 ; 3.465 ;
; sw[3]      ; hex0[4]     ;       ; 3.409 ; 3.409 ;       ;
; sw[3]      ; hex0[5]     ; 3.295 ; 3.295 ; 3.295 ; 3.295 ;
; sw[3]      ; hex0[6]     ; 3.291 ; 3.291 ; 3.291 ; 3.291 ;
; sw[4]      ; hex1[0]     ; 3.774 ; 3.774 ; 3.774 ; 3.774 ;
; sw[4]      ; hex1[1]     ; 3.767 ; 3.767 ; 3.767 ; 3.767 ;
; sw[4]      ; hex1[2]     ;       ; 3.540 ; 3.540 ;       ;
; sw[4]      ; hex1[3]     ; 3.509 ; 3.509 ; 3.509 ; 3.509 ;
; sw[4]      ; hex1[4]     ; 3.568 ;       ;       ; 3.568 ;
; sw[4]      ; hex1[5]     ; 3.658 ;       ;       ; 3.658 ;
; sw[4]      ; hex1[6]     ; 3.671 ; 3.671 ; 3.671 ; 3.671 ;
; sw[5]      ; hex1[0]     ; 3.647 ; 3.647 ; 3.647 ; 3.647 ;
; sw[5]      ; hex1[1]     ; 3.645 ; 3.645 ; 3.645 ; 3.645 ;
; sw[5]      ; hex1[2]     ; 3.419 ;       ;       ; 3.419 ;
; sw[5]      ; hex1[3]     ; 3.389 ; 3.389 ; 3.389 ; 3.389 ;
; sw[5]      ; hex1[4]     ;       ; 3.449 ; 3.449 ;       ;
; sw[5]      ; hex1[5]     ; 3.539 ; 3.539 ; 3.539 ; 3.539 ;
; sw[5]      ; hex1[6]     ; 3.558 ; 3.558 ; 3.558 ; 3.558 ;
; sw[6]      ; hex1[0]     ; 3.763 ; 3.763 ; 3.763 ; 3.763 ;
; sw[6]      ; hex1[1]     ; 3.761 ;       ;       ; 3.761 ;
; sw[6]      ; hex1[2]     ; 3.534 ; 3.534 ; 3.534 ; 3.534 ;
; sw[6]      ; hex1[3]     ; 3.497 ; 3.497 ; 3.497 ; 3.497 ;
; sw[6]      ; hex1[4]     ; 3.550 ; 3.550 ; 3.550 ; 3.550 ;
; sw[6]      ; hex1[5]     ; 3.652 ; 3.652 ; 3.652 ; 3.652 ;
; sw[6]      ; hex1[6]     ; 3.661 ; 3.661 ; 3.661 ; 3.661 ;
; sw[7]      ; hex1[0]     ; 4.215 ; 4.215 ; 4.215 ; 4.215 ;
; sw[7]      ; hex1[1]     ; 4.207 ; 4.207 ; 4.207 ; 4.207 ;
; sw[7]      ; hex1[2]     ; 3.980 ; 3.980 ; 3.980 ; 3.980 ;
; sw[7]      ; hex1[3]     ; 3.945 ; 3.945 ; 3.945 ; 3.945 ;
; sw[7]      ; hex1[4]     ;       ; 3.997 ; 3.997 ;       ;
; sw[7]      ; hex1[5]     ; 4.098 ; 4.098 ; 4.098 ; 4.098 ;
; sw[7]      ; hex1[6]     ; 4.110 ; 4.110 ; 4.110 ; 4.110 ;
; sw[8]      ; hex2[0]     ; 4.145 ; 4.145 ; 4.145 ; 4.145 ;
; sw[8]      ; hex2[1]     ; 4.167 ; 4.167 ; 4.167 ; 4.167 ;
; sw[8]      ; hex2[2]     ;       ; 4.137 ; 4.137 ;       ;
; sw[8]      ; hex2[3]     ; 4.176 ; 4.176 ; 4.176 ; 4.176 ;
; sw[8]      ; hex2[4]     ; 4.039 ;       ;       ; 4.039 ;
; sw[8]      ; hex2[5]     ; 4.081 ;       ;       ; 4.081 ;
; sw[8]      ; hex2[6]     ; 4.101 ; 4.101 ; 4.101 ; 4.101 ;
; sw[9]      ; hex2[0]     ; 3.918 ; 3.918 ; 3.918 ; 3.918 ;
; sw[9]      ; hex2[1]     ; 3.939 ; 3.939 ; 3.939 ; 3.939 ;
; sw[9]      ; hex2[2]     ; 3.913 ;       ;       ; 3.913 ;
; sw[9]      ; hex2[3]     ; 3.949 ; 3.949 ; 3.949 ; 3.949 ;
; sw[9]      ; hex2[4]     ;       ; 3.806 ; 3.806 ;       ;
; sw[9]      ; hex2[5]     ; 3.859 ; 3.859 ; 3.859 ; 3.859 ;
; sw[9]      ; hex2[6]     ; 3.880 ; 3.880 ; 3.880 ; 3.880 ;
; sw[10]     ; hex2[0]     ; 4.042 ; 4.042 ; 4.042 ; 4.042 ;
; sw[10]     ; hex2[1]     ; 4.071 ;       ;       ; 4.071 ;
; sw[10]     ; hex2[2]     ; 4.048 ; 4.048 ; 4.048 ; 4.048 ;
; sw[10]     ; hex2[3]     ; 4.086 ; 4.086 ; 4.086 ; 4.086 ;
; sw[10]     ; hex2[4]     ; 3.944 ; 3.944 ; 3.944 ; 3.944 ;
; sw[10]     ; hex2[5]     ; 3.986 ; 3.986 ; 3.986 ; 3.986 ;
; sw[10]     ; hex2[6]     ; 4.002 ; 4.002 ; 4.002 ; 4.002 ;
; sw[11]     ; hex2[0]     ; 3.897 ; 3.897 ; 3.897 ; 3.897 ;
; sw[11]     ; hex2[1]     ; 3.922 ; 3.922 ; 3.922 ; 3.922 ;
; sw[11]     ; hex2[2]     ; 3.898 ; 3.898 ; 3.898 ; 3.898 ;
; sw[11]     ; hex2[3]     ; 3.937 ; 3.937 ; 3.937 ; 3.937 ;
; sw[11]     ; hex2[4]     ;       ; 3.795 ; 3.795 ;       ;
; sw[11]     ; hex2[5]     ; 3.837 ; 3.837 ; 3.837 ; 3.837 ;
; sw[11]     ; hex2[6]     ; 3.854 ; 3.854 ; 3.854 ; 3.854 ;
+------------+-------------+-------+-------+-------+-------+


+----------------------------------------------------------------------------+
; Multicorner Timing Analysis Summary                                        ;
+------------------+-------+------+----------+---------+---------------------+
; Clock            ; Setup ; Hold ; Recovery ; Removal ; Minimum Pulse Width ;
+------------------+-------+------+----------+---------+---------------------+
; Worst-case Slack ; N/A   ; N/A  ; N/A      ; N/A     ; N/A                 ;
; Design-wide TNS  ; 0.0   ; 0.0  ; 0.0      ; 0.0     ; 0.0                 ;
+------------------+-------+------+----------+---------+---------------------+


+--------------------------------------------------------------+
; Progagation Delay                                            ;
+------------+-------------+--------+--------+--------+--------+
; Input Port ; Output Port ; RR     ; RF     ; FR     ; FF     ;
+------------+-------------+--------+--------+--------+--------+
; key[0]     ; hex0[0]     ; 12.280 ;        ;        ; 12.280 ;
; key[0]     ; hex0[1]     ; 12.276 ;        ;        ; 12.276 ;
; key[0]     ; hex0[2]     ;        ; 12.271 ; 12.271 ;        ;
; key[0]     ; hex0[3]     ; 12.253 ;        ;        ; 12.253 ;
; key[0]     ; hex0[4]     ;        ; 12.247 ; 12.247 ;        ;
; key[0]     ; hex0[5]     ; 12.041 ;        ;        ; 12.041 ;
; key[0]     ; hex0[6]     ;        ; 12.026 ; 12.026 ;        ;
; key[0]     ; hex1[0]     ; 11.484 ; 11.484 ; 11.484 ; 11.484 ;
; key[0]     ; hex1[1]     ; 11.482 ; 11.482 ; 11.482 ; 11.482 ;
; key[0]     ; hex1[2]     ; 11.089 ; 11.089 ; 11.089 ; 11.089 ;
; key[0]     ; hex1[3]     ; 11.043 ; 11.043 ; 11.043 ; 11.043 ;
; key[0]     ; hex1[4]     ;        ; 11.103 ; 11.103 ;        ;
; key[0]     ; hex1[5]     ; 11.381 ; 11.381 ; 11.381 ; 11.381 ;
; key[0]     ; hex1[6]     ; 11.398 ; 11.398 ; 11.398 ; 11.398 ;
; key[0]     ; hex2[0]     ; 11.431 ; 11.431 ; 11.431 ; 11.431 ;
; key[0]     ; hex2[1]     ; 11.382 ;        ;        ; 11.382 ;
; key[0]     ; hex2[2]     ; 11.420 ;        ;        ; 11.420 ;
; key[0]     ; hex2[3]     ; 11.484 ;        ;        ; 11.484 ;
; key[0]     ; hex2[4]     ; 11.185 ;        ;        ; 11.185 ;
; key[0]     ; hex2[5]     ; 11.384 ;        ;        ; 11.384 ;
; key[0]     ; hex2[6]     ; 11.176 ; 11.176 ; 11.176 ; 11.176 ;
; key[1]     ; hex0[0]     ;        ; 11.325 ; 11.325 ;        ;
; key[1]     ; hex0[1]     ;        ; 11.180 ; 11.180 ;        ;
; key[1]     ; hex0[2]     ;        ; 11.179 ; 11.179 ;        ;
; key[1]     ; hex0[3]     ; 11.157 ;        ;        ; 11.157 ;
; key[1]     ; hex0[4]     ; 11.291 ;        ;        ; 11.291 ;
; key[1]     ; hex0[5]     ; 11.090 ;        ;        ; 11.090 ;
; key[1]     ; hex0[6]     ;        ; 11.075 ; 11.075 ;        ;
; key[1]     ; hex1[0]     ; 10.190 ; 10.190 ; 10.190 ; 10.190 ;
; key[1]     ; hex1[1]     ; 10.190 ; 10.190 ; 10.190 ; 10.190 ;
; key[1]     ; hex1[2]     ; 9.782  ; 9.782  ; 9.782  ; 9.782  ;
; key[1]     ; hex1[3]     ; 9.747  ; 9.747  ; 9.747  ; 9.747  ;
; key[1]     ; hex1[4]     ; 9.812  ;        ;        ; 9.812  ;
; key[1]     ; hex1[5]     ; 10.081 ; 10.081 ; 10.081 ; 10.081 ;
; key[1]     ; hex1[6]     ; 10.095 ; 10.095 ; 10.095 ; 10.095 ;
; key[1]     ; hex2[0]     ; 10.267 ; 10.267 ; 10.267 ; 10.267 ;
; key[1]     ; hex2[1]     ;        ; 10.219 ; 10.219 ;        ;
; key[1]     ; hex2[2]     ;        ; 10.257 ; 10.257 ;        ;
; key[1]     ; hex2[3]     ; 10.307 ;        ;        ; 10.307 ;
; key[1]     ; hex2[4]     ; 10.006 ;        ;        ; 10.006 ;
; key[1]     ; hex2[5]     ; 9.664  ;        ;        ; 9.664  ;
; key[1]     ; hex2[6]     ; 9.998  ; 9.998  ; 9.998  ; 9.998  ;
; sw[0]      ; hex0[0]     ; 8.469  ; 8.469  ; 8.469  ; 8.469  ;
; sw[0]      ; hex0[1]     ; 8.634  ; 8.634  ; 8.634  ; 8.634  ;
; sw[0]      ; hex0[2]     ;        ; 8.606  ; 8.606  ;        ;
; sw[0]      ; hex0[3]     ; 8.641  ; 8.641  ; 8.641  ; 8.641  ;
; sw[0]      ; hex0[4]     ; 8.463  ;        ;        ; 8.463  ;
; sw[0]      ; hex0[5]     ; 8.253  ;        ;        ; 8.253  ;
; sw[0]      ; hex0[6]     ; 8.243  ; 8.243  ; 8.243  ; 8.243  ;
; sw[1]      ; hex0[0]     ; 8.034  ; 8.034  ; 8.034  ; 8.034  ;
; sw[1]      ; hex0[1]     ; 8.193  ; 8.193  ; 8.193  ; 8.193  ;
; sw[1]      ; hex0[2]     ; 8.188  ;        ;        ; 8.188  ;
; sw[1]      ; hex0[3]     ; 8.200  ; 8.200  ; 8.200  ; 8.200  ;
; sw[1]      ; hex0[4]     ;        ; 8.018  ; 8.018  ;        ;
; sw[1]      ; hex0[5]     ; 7.821  ; 7.821  ; 7.821  ; 7.821  ;
; sw[1]      ; hex0[6]     ; 7.804  ; 7.804  ; 7.804  ; 7.804  ;
; sw[2]      ; hex0[0]     ; 7.849  ; 7.849  ; 7.849  ; 7.849  ;
; sw[2]      ; hex0[1]     ; 8.010  ;        ;        ; 8.010  ;
; sw[2]      ; hex0[2]     ; 8.008  ; 8.008  ; 8.008  ; 8.008  ;
; sw[2]      ; hex0[3]     ; 8.019  ; 8.019  ; 8.019  ; 8.019  ;
; sw[2]      ; hex0[4]     ; 7.838  ; 7.838  ; 7.838  ; 7.838  ;
; sw[2]      ; hex0[5]     ; 7.635  ; 7.635  ; 7.635  ; 7.635  ;
; sw[2]      ; hex0[6]     ; 7.619  ; 7.619  ; 7.619  ; 7.619  ;
; sw[3]      ; hex0[0]     ; 6.646  ; 6.646  ; 6.646  ; 6.646  ;
; sw[3]      ; hex0[1]     ; 6.803  ; 6.803  ; 6.803  ; 6.803  ;
; sw[3]      ; hex0[2]     ; 6.768  ; 6.768  ; 6.768  ; 6.768  ;
; sw[3]      ; hex0[3]     ; 6.809  ; 6.809  ; 6.809  ; 6.809  ;
; sw[3]      ; hex0[4]     ;        ; 6.622  ; 6.622  ;        ;
; sw[3]      ; hex0[5]     ; 6.401  ; 6.401  ; 6.401  ; 6.401  ;
; sw[3]      ; hex0[6]     ; 6.416  ; 6.416  ; 6.416  ; 6.416  ;
; sw[4]      ; hex1[0]     ; 7.420  ; 7.420  ; 7.420  ; 7.420  ;
; sw[4]      ; hex1[1]     ; 7.412  ; 7.412  ; 7.412  ; 7.412  ;
; sw[4]      ; hex1[2]     ;        ; 6.994  ; 6.994  ;        ;
; sw[4]      ; hex1[3]     ; 6.956  ; 6.956  ; 6.956  ; 6.956  ;
; sw[4]      ; hex1[4]     ; 7.023  ;        ;        ; 7.023  ;
; sw[4]      ; hex1[5]     ; 7.267  ;        ;        ; 7.267  ;
; sw[4]      ; hex1[6]     ; 7.277  ; 7.277  ; 7.277  ; 7.277  ;
; sw[5]      ; hex1[0]     ; 7.143  ; 7.143  ; 7.143  ; 7.143  ;
; sw[5]      ; hex1[1]     ; 7.140  ; 7.140  ; 7.140  ; 7.140  ;
; sw[5]      ; hex1[2]     ; 6.742  ;        ;        ; 6.742  ;
; sw[5]      ; hex1[3]     ; 6.691  ; 6.691  ; 6.691  ; 6.691  ;
; sw[5]      ; hex1[4]     ;        ; 6.753  ; 6.753  ;        ;
; sw[5]      ; hex1[5]     ; 6.990  ; 6.990  ; 6.990  ; 6.990  ;
; sw[5]      ; hex1[6]     ; 7.006  ; 7.006  ; 7.006  ; 7.006  ;
; sw[6]      ; hex1[0]     ; 7.367  ; 7.367  ; 7.367  ; 7.367  ;
; sw[6]      ; hex1[1]     ; 7.363  ;        ;        ; 7.363  ;
; sw[6]      ; hex1[2]     ; 6.964  ; 6.964  ; 6.964  ; 6.964  ;
; sw[6]      ; hex1[3]     ; 6.906  ; 6.906  ; 6.906  ; 6.906  ;
; sw[6]      ; hex1[4]     ; 6.960  ; 6.960  ; 6.960  ; 6.960  ;
; sw[6]      ; hex1[5]     ; 7.212  ; 7.212  ; 7.212  ; 7.212  ;
; sw[6]      ; hex1[6]     ; 7.218  ; 7.218  ; 7.218  ; 7.218  ;
; sw[7]      ; hex1[0]     ; 8.104  ; 8.104  ; 8.104  ; 8.104  ;
; sw[7]      ; hex1[1]     ; 8.102  ; 8.102  ; 8.102  ; 8.102  ;
; sw[7]      ; hex1[2]     ; 7.703  ; 7.703  ; 7.703  ; 7.703  ;
; sw[7]      ; hex1[3]     ; 7.620  ; 7.620  ; 7.620  ; 7.620  ;
; sw[7]      ; hex1[4]     ;        ; 7.700  ; 7.700  ;        ;
; sw[7]      ; hex1[5]     ; 7.950  ; 7.950  ; 7.950  ; 7.950  ;
; sw[7]      ; hex1[6]     ; 7.961  ; 7.961  ; 7.961  ; 7.961  ;
; sw[8]      ; hex2[0]     ; 7.989  ; 7.989  ; 7.989  ; 7.989  ;
; sw[8]      ; hex2[1]     ; 8.081  ; 8.081  ; 8.081  ; 8.081  ;
; sw[8]      ; hex2[2]     ;        ; 7.924  ; 7.924  ;        ;
; sw[8]      ; hex2[3]     ; 8.041  ; 8.041  ; 8.041  ; 8.041  ;
; sw[8]      ; hex2[4]     ; 7.747  ;        ;        ; 7.747  ;
; sw[8]      ; hex2[5]     ; 7.842  ;        ;        ; 7.842  ;
; sw[8]      ; hex2[6]     ; 7.901  ; 7.901  ; 7.901  ; 7.901  ;
; sw[9]      ; hex2[0]     ; 7.566  ; 7.566  ; 7.566  ; 7.566  ;
; sw[9]      ; hex2[1]     ; 7.655  ; 7.655  ; 7.655  ; 7.655  ;
; sw[9]      ; hex2[2]     ; 7.521  ;        ;        ; 7.521  ;
; sw[9]      ; hex2[3]     ; 7.611  ; 7.611  ; 7.611  ; 7.611  ;
; sw[9]      ; hex2[4]     ;        ; 7.313  ; 7.313  ;        ;
; sw[9]      ; hex2[5]     ; 7.419  ; 7.419  ; 7.419  ; 7.419  ;
; sw[9]      ; hex2[6]     ; 7.477  ; 7.477  ; 7.477  ; 7.477  ;
; sw[10]     ; hex2[0]     ; 7.885  ; 7.885  ; 7.885  ; 7.885  ;
; sw[10]     ; hex2[1]     ; 7.983  ;        ;        ; 7.983  ;
; sw[10]     ; hex2[2]     ; 7.854  ; 7.854  ; 7.854  ; 7.854  ;
; sw[10]     ; hex2[3]     ; 7.948  ; 7.948  ; 7.948  ; 7.948  ;
; sw[10]     ; hex2[4]     ; 7.650  ; 7.650  ; 7.650  ; 7.650  ;
; sw[10]     ; hex2[5]     ; 7.740  ; 7.740  ; 7.740  ; 7.740  ;
; sw[10]     ; hex2[6]     ; 7.794  ; 7.794  ; 7.794  ; 7.794  ;
; sw[11]     ; hex2[0]     ; 7.580  ; 7.580  ; 7.580  ; 7.580  ;
; sw[11]     ; hex2[1]     ; 7.676  ; 7.676  ; 7.676  ; 7.676  ;
; sw[11]     ; hex2[2]     ; 7.546  ; 7.546  ; 7.546  ; 7.546  ;
; sw[11]     ; hex2[3]     ; 7.642  ; 7.642  ; 7.642  ; 7.642  ;
; sw[11]     ; hex2[4]     ;        ; 7.343  ; 7.343  ;        ;
; sw[11]     ; hex2[5]     ; 7.435  ; 7.435  ; 7.435  ; 7.435  ;
; sw[11]     ; hex2[6]     ; 7.485  ; 7.485  ; 7.485  ; 7.485  ;
+------------+-------------+--------+--------+--------+--------+


+----------------------------------------------------------+
; Minimum Progagation Delay                                ;
+------------+-------------+-------+-------+-------+-------+
; Input Port ; Output Port ; RR    ; RF    ; FR    ; FF    ;
+------------+-------------+-------+-------+-------+-------+
; key[0]     ; hex0[0]     ; 6.880 ;       ;       ; 6.880 ;
; key[0]     ; hex0[1]     ; 6.869 ;       ;       ; 6.869 ;
; key[0]     ; hex0[2]     ;       ; 6.868 ; 6.868 ;       ;
; key[0]     ; hex0[3]     ; 6.862 ;       ;       ; 6.862 ;
; key[0]     ; hex0[4]     ;       ; 6.858 ; 6.858 ;       ;
; key[0]     ; hex0[5]     ; 6.761 ;       ;       ; 6.761 ;
; key[0]     ; hex0[6]     ;       ; 6.757 ; 6.757 ;       ;
; key[0]     ; hex1[0]     ; 6.417 ; 6.417 ; 6.417 ; 6.417 ;
; key[0]     ; hex1[1]     ; 6.415 ; 6.415 ; 6.415 ; 6.415 ;
; key[0]     ; hex1[2]     ; 6.191 ; 6.191 ; 6.191 ; 6.191 ;
; key[0]     ; hex1[3]     ; 6.164 ; 6.164 ; 6.164 ; 6.164 ;
; key[0]     ; hex1[4]     ;       ; 6.205 ; 6.205 ;       ;
; key[0]     ; hex1[5]     ; 6.325 ; 6.325 ; 6.325 ; 6.325 ;
; key[0]     ; hex1[6]     ; 6.344 ; 6.344 ; 6.344 ; 6.344 ;
; key[0]     ; hex2[0]     ; 6.378 ; 6.378 ; 6.378 ; 6.378 ;
; key[0]     ; hex2[1]     ; 6.333 ;       ;       ; 6.333 ;
; key[0]     ; hex2[2]     ; 6.372 ;       ;       ; 6.372 ;
; key[0]     ; hex2[3]     ; 6.413 ;       ;       ; 6.413 ;
; key[0]     ; hex2[4]     ; 6.269 ;       ;       ; 6.269 ;
; key[0]     ; hex2[5]     ; 6.362 ;       ;       ; 6.362 ;
; key[0]     ; hex2[6]     ; 6.258 ; 6.258 ; 6.258 ; 6.258 ;
; key[1]     ; hex0[0]     ;       ; 6.297 ; 6.297 ;       ;
; key[1]     ; hex0[1]     ;       ; 6.221 ; 6.221 ;       ;
; key[1]     ; hex0[2]     ;       ; 6.219 ; 6.219 ;       ;
; key[1]     ; hex0[3]     ; 6.212 ;       ;       ; 6.212 ;
; key[1]     ; hex0[4]     ; 6.282 ;       ;       ; 6.282 ;
; key[1]     ; hex0[5]     ; 6.181 ;       ;       ; 6.181 ;
; key[1]     ; hex0[6]     ;       ; 6.182 ; 6.182 ;       ;
; key[1]     ; hex1[0]     ; 5.707 ; 5.707 ; 5.707 ; 5.707 ;
; key[1]     ; hex1[1]     ; 5.708 ; 5.708 ; 5.708 ; 5.708 ;
; key[1]     ; hex1[2]     ; 5.471 ; 5.471 ; 5.471 ; 5.471 ;
; key[1]     ; hex1[3]     ; 5.453 ; 5.453 ; 5.453 ; 5.453 ;
; key[1]     ; hex1[4]     ; 5.527 ;       ;       ; 5.527 ;
; key[1]     ; hex1[5]     ; 5.611 ; 5.611 ; 5.611 ; 5.611 ;
; key[1]     ; hex1[6]     ; 5.629 ; 5.629 ; 5.629 ; 5.629 ;
; key[1]     ; hex2[0]     ; 5.707 ; 5.707 ; 5.707 ; 5.707 ;
; key[1]     ; hex2[1]     ;       ; 5.658 ; 5.658 ;       ;
; key[1]     ; hex2[2]     ;       ; 5.697 ; 5.697 ;       ;
; key[1]     ; hex2[3]     ; 5.733 ;       ;       ; 5.733 ;
; key[1]     ; hex2[4]     ; 5.586 ;       ;       ; 5.586 ;
; key[1]     ; hex2[5]     ; 5.434 ;       ;       ; 5.434 ;
; key[1]     ; hex2[6]     ; 5.573 ; 5.573 ; 5.573 ; 5.573 ;
; sw[0]      ; hex0[0]     ; 4.398 ; 4.398 ; 4.398 ; 4.398 ;
; sw[0]      ; hex0[1]     ; 4.452 ; 4.452 ; 4.452 ; 4.452 ;
; sw[0]      ; hex0[2]     ;       ; 4.455 ; 4.455 ;       ;
; sw[0]      ; hex0[3]     ; 4.454 ; 4.454 ; 4.454 ; 4.454 ;
; sw[0]      ; hex0[4]     ; 4.401 ;       ;       ; 4.401 ;
; sw[0]      ; hex0[5]     ; 4.280 ;       ;       ; 4.280 ;
; sw[0]      ; hex0[6]     ; 4.272 ; 4.272 ; 4.272 ; 4.272 ;
; sw[1]      ; hex0[0]     ; 4.173 ; 4.173 ; 4.173 ; 4.173 ;
; sw[1]      ; hex0[1]     ; 4.222 ; 4.222 ; 4.222 ; 4.222 ;
; sw[1]      ; hex0[2]     ; 4.219 ;       ;       ; 4.219 ;
; sw[1]      ; hex0[3]     ; 4.222 ; 4.222 ; 4.222 ; 4.222 ;
; sw[1]      ; hex0[4]     ;       ; 4.169 ; 4.169 ;       ;
; sw[1]      ; hex0[5]     ; 4.051 ; 4.051 ; 4.051 ; 4.051 ;
; sw[1]      ; hex0[6]     ; 4.045 ; 4.045 ; 4.045 ; 4.045 ;
; sw[2]      ; hex0[0]     ; 4.066 ; 4.066 ; 4.066 ; 4.066 ;
; sw[2]      ; hex0[1]     ; 4.120 ;       ;       ; 4.120 ;
; sw[2]      ; hex0[2]     ; 4.118 ; 4.118 ; 4.118 ; 4.118 ;
; sw[2]      ; hex0[3]     ; 4.120 ; 4.120 ; 4.120 ; 4.120 ;
; sw[2]      ; hex0[4]     ; 4.068 ; 4.068 ; 4.068 ; 4.068 ;
; sw[2]      ; hex0[5]     ; 3.943 ; 3.943 ; 3.943 ; 3.943 ;
; sw[2]      ; hex0[6]     ; 3.940 ; 3.940 ; 3.940 ; 3.940 ;
; sw[3]      ; hex0[0]     ; 3.418 ; 3.418 ; 3.418 ; 3.418 ;
; sw[3]      ; hex0[1]     ; 3.467 ; 3.467 ; 3.467 ; 3.467 ;
; sw[3]      ; hex0[2]     ; 3.464 ; 3.464 ; 3.464 ; 3.464 ;
; sw[3]      ; hex0[3]     ; 3.465 ; 3.465 ; 3.465 ; 3.465 ;
; sw[3]      ; hex0[4]     ;       ; 3.409 ; 3.409 ;       ;
; sw[3]      ; hex0[5]     ; 3.295 ; 3.295 ; 3.295 ; 3.295 ;
; sw[3]      ; hex0[6]     ; 3.291 ; 3.291 ; 3.291 ; 3.291 ;
; sw[4]      ; hex1[0]     ; 3.774 ; 3.774 ; 3.774 ; 3.774 ;
; sw[4]      ; hex1[1]     ; 3.767 ; 3.767 ; 3.767 ; 3.767 ;
; sw[4]      ; hex1[2]     ;       ; 3.540 ; 3.540 ;       ;
; sw[4]      ; hex1[3]     ; 3.509 ; 3.509 ; 3.509 ; 3.509 ;
; sw[4]      ; hex1[4]     ; 3.568 ;       ;       ; 3.568 ;
; sw[4]      ; hex1[5]     ; 3.658 ;       ;       ; 3.658 ;
; sw[4]      ; hex1[6]     ; 3.671 ; 3.671 ; 3.671 ; 3.671 ;
; sw[5]      ; hex1[0]     ; 3.647 ; 3.647 ; 3.647 ; 3.647 ;
; sw[5]      ; hex1[1]     ; 3.645 ; 3.645 ; 3.645 ; 3.645 ;
; sw[5]      ; hex1[2]     ; 3.419 ;       ;       ; 3.419 ;
; sw[5]      ; hex1[3]     ; 3.389 ; 3.389 ; 3.389 ; 3.389 ;
; sw[5]      ; hex1[4]     ;       ; 3.449 ; 3.449 ;       ;
; sw[5]      ; hex1[5]     ; 3.539 ; 3.539 ; 3.539 ; 3.539 ;
; sw[5]      ; hex1[6]     ; 3.558 ; 3.558 ; 3.558 ; 3.558 ;
; sw[6]      ; hex1[0]     ; 3.763 ; 3.763 ; 3.763 ; 3.763 ;
; sw[6]      ; hex1[1]     ; 3.761 ;       ;       ; 3.761 ;
; sw[6]      ; hex1[2]     ; 3.534 ; 3.534 ; 3.534 ; 3.534 ;
; sw[6]      ; hex1[3]     ; 3.497 ; 3.497 ; 3.497 ; 3.497 ;
; sw[6]      ; hex1[4]     ; 3.550 ; 3.550 ; 3.550 ; 3.550 ;
; sw[6]      ; hex1[5]     ; 3.652 ; 3.652 ; 3.652 ; 3.652 ;
; sw[6]      ; hex1[6]     ; 3.661 ; 3.661 ; 3.661 ; 3.661 ;
; sw[7]      ; hex1[0]     ; 4.215 ; 4.215 ; 4.215 ; 4.215 ;
; sw[7]      ; hex1[1]     ; 4.207 ; 4.207 ; 4.207 ; 4.207 ;
; sw[7]      ; hex1[2]     ; 3.980 ; 3.980 ; 3.980 ; 3.980 ;
; sw[7]      ; hex1[3]     ; 3.945 ; 3.945 ; 3.945 ; 3.945 ;
; sw[7]      ; hex1[4]     ;       ; 3.997 ; 3.997 ;       ;
; sw[7]      ; hex1[5]     ; 4.098 ; 4.098 ; 4.098 ; 4.098 ;
; sw[7]      ; hex1[6]     ; 4.110 ; 4.110 ; 4.110 ; 4.110 ;
; sw[8]      ; hex2[0]     ; 4.145 ; 4.145 ; 4.145 ; 4.145 ;
; sw[8]      ; hex2[1]     ; 4.167 ; 4.167 ; 4.167 ; 4.167 ;
; sw[8]      ; hex2[2]     ;       ; 4.137 ; 4.137 ;       ;
; sw[8]      ; hex2[3]     ; 4.176 ; 4.176 ; 4.176 ; 4.176 ;
; sw[8]      ; hex2[4]     ; 4.039 ;       ;       ; 4.039 ;
; sw[8]      ; hex2[5]     ; 4.081 ;       ;       ; 4.081 ;
; sw[8]      ; hex2[6]     ; 4.101 ; 4.101 ; 4.101 ; 4.101 ;
; sw[9]      ; hex2[0]     ; 3.918 ; 3.918 ; 3.918 ; 3.918 ;
; sw[9]      ; hex2[1]     ; 3.939 ; 3.939 ; 3.939 ; 3.939 ;
; sw[9]      ; hex2[2]     ; 3.913 ;       ;       ; 3.913 ;
; sw[9]      ; hex2[3]     ; 3.949 ; 3.949 ; 3.949 ; 3.949 ;
; sw[9]      ; hex2[4]     ;       ; 3.806 ; 3.806 ;       ;
; sw[9]      ; hex2[5]     ; 3.859 ; 3.859 ; 3.859 ; 3.859 ;
; sw[9]      ; hex2[6]     ; 3.880 ; 3.880 ; 3.880 ; 3.880 ;
; sw[10]     ; hex2[0]     ; 4.042 ; 4.042 ; 4.042 ; 4.042 ;
; sw[10]     ; hex2[1]     ; 4.071 ;       ;       ; 4.071 ;
; sw[10]     ; hex2[2]     ; 4.048 ; 4.048 ; 4.048 ; 4.048 ;
; sw[10]     ; hex2[3]     ; 4.086 ; 4.086 ; 4.086 ; 4.086 ;
; sw[10]     ; hex2[4]     ; 3.944 ; 3.944 ; 3.944 ; 3.944 ;
; sw[10]     ; hex2[5]     ; 3.986 ; 3.986 ; 3.986 ; 3.986 ;
; sw[10]     ; hex2[6]     ; 4.002 ; 4.002 ; 4.002 ; 4.002 ;
; sw[11]     ; hex2[0]     ; 3.897 ; 3.897 ; 3.897 ; 3.897 ;
; sw[11]     ; hex2[1]     ; 3.922 ; 3.922 ; 3.922 ; 3.922 ;
; sw[11]     ; hex2[2]     ; 3.898 ; 3.898 ; 3.898 ; 3.898 ;
; sw[11]     ; hex2[3]     ; 3.937 ; 3.937 ; 3.937 ; 3.937 ;
; sw[11]     ; hex2[4]     ;       ; 3.795 ; 3.795 ;       ;
; sw[11]     ; hex2[5]     ; 3.837 ; 3.837 ; 3.837 ; 3.837 ;
; sw[11]     ; hex2[6]     ; 3.854 ; 3.854 ; 3.854 ; 3.854 ;
+------------+-------------+-------+-------+-------+-------+


-------------------
; Clock Transfers ;
-------------------
Nothing to report.


---------------
; Report TCCS ;
---------------
No dedicated SERDES Transmitter circuitry present in device or used in design


---------------
; Report RSKM ;
---------------
No dedicated SERDES Receiver circuitry present in device or used in design


+------------------------------------------------+
; Unconstrained Paths                            ;
+---------------------------------+-------+------+
; Property                        ; Setup ; Hold ;
+---------------------------------+-------+------+
; Illegal Clocks                  ; 0     ; 0    ;
; Unconstrained Clocks            ; 0     ; 0    ;
; Unconstrained Input Ports       ; 14    ; 14   ;
; Unconstrained Input Port Paths  ; 126   ; 126  ;
; Unconstrained Output Ports      ; 21    ; 21   ;
; Unconstrained Output Port Paths ; 126   ; 126  ;
+---------------------------------+-------+------+


+------------------------------------+
; TimeQuest Timing Analyzer Messages ;
+------------------------------------+
Info: *******************************************************************
Info: Running Quartus II 64-Bit TimeQuest Timing Analyzer
    Info: Version 13.0.1 Build 232 06/12/2013 Service Pack 1 SJ Web Edition
    Info: Processing started: Sat Mar 18 16:51:58 2023
Info: Command: quartus_sta Ovelse4 -c Ovelse4
Info: qsta_default_script.tcl version: #1
Warning (20028): Parallel compilation is not licensed and has been disabled
Info (21077): Low junction temperature is 0 degrees C
Info (21077): High junction temperature is 85 degrees C
Critical Warning (332012): Synopsys Design Constraints File file not found: 'Ovelse4.sdc'. A Synopsys Design Constraints File is required by the TimeQuest Timing Analyzer to get proper timing constraints. Without it, the Compiler will not properly optimize the design.
Info (332142): No user constrained base clocks found in the design. Calling "derive_clocks -period 1.0"
Info (332096): The command derive_clocks did not find any clocks to derive.  No clocks were created or changed.
Warning (332068): No clocks defined in design.
Info: Found TIMEQUEST_REPORT_SCRIPT_INCLUDE_DEFAULT_ANALYSIS = ON
Info (332159): No clocks to report
Info: Analyzing Slow Model
Info (332140): No fmax paths to report
Info (332140): No Setup paths to report
Info (332140): No Hold paths to report
Info (332140): No Recovery paths to report
Info (332140): No Removal paths to report
Info (332140): No Minimum Pulse Width paths to report
Info (332001): The selected device family is not supported by the report_metastability command.
Info: Analyzing Fast Model
Info (332142): No user constrained base clocks found in the design. Calling "derive_clocks -period 1.0"
Info (332096): The command derive_clocks did not find any clocks to derive.  No clocks were created or changed.
Warning (332068): No clocks defined in design.
Info (332140): No Setup paths to report
Info (332140): No Hold paths to report
Info (332140): No Recovery paths to report
Info (332140): No Removal paths to report
Info (332140): No Minimum Pulse Width paths to report
Info (332001): The selected device family is not supported by the report_metastability command.
Info (332102): Design is not fully constrained for setup requirements
Info (332102): Design is not fully constrained for hold requirements
Info: Quartus II 64-Bit TimeQuest Timing Analyzer was successful. 0 errors, 4 warnings
    Info: Peak virtual memory: 4540 megabytes
    Info: Processing ended: Sat Mar 18 16:51:58 2023
    Info: Elapsed time: 00:00:00
    Info: Total CPU time (on all processors): 00:00:01


